../Core/Src/main.c:112:9:map	24	static
../Core/Src/main.c:116:6:SetServoAngle	32	static
../Core/Src/main.c:125:6:SetBuzzer	24	static
../Core/Src/main.c:137:6:HCSR04_Trigger	8	static
../Core/Src/main.c:144:6:UART_Debug	16	static
../Core/Src/main.c:147:6:SPI_Display	128	static
../Core/Src/main.c:179:6:Clock_config_display	232	static
../Core/Src/main.c:211:5:main	64	static
../Core/Src/main.c:325:6:SystemClock_Config	88	static
../Core/Src/main.c:372:13:MX_ADC1_Init	24	static
../Core/Src/main.c:424:13:MX_SPI1_Init	8	static
../Core/Src/main.c:461:13:MX_TIM1_Init	32	static
../Core/Src/main.c:510:13:MX_TIM2_Init	48	static
../Core/Src/main.c:559:13:MX_TIM3_Init	120	static
../Core/Src/main.c:620:13:MX_USART2_UART_Init	8	static
../Core/Src/main.c:653:13:MX_GPIO_Init	40	static
../Core/Src/main.c:692:6:HAL_TIM_IC_CaptureCallback	16	static
../Core/Src/main.c:731:6:HAL_SPI_RxCpltCallback	24	static
../Core/Src/main.c:763:6:StartDefaultTask	16	static
../Core/Src/main.c:781:6:StartUltrasonicTask	88	static
../Core/Src/main.c:823:6:StartServoControlTas	32	static
../Core/Src/main.c:858:6:StartSPITask	112	static
../Core/Src/main.c:897:6:Error_Handler	4	static,ignoring_inline_asm
